// Jest Snapshot v1, https://goo.gl/fbAQLP

exports[`<Main /> should render the heading 1`] = `
.c0 {
  background-color: #352364;
  color: #ffffff;
  width: 100%;
  height: 100%;
  padding: 3rem;
  display: -webkit-box;
  display: -webkit-flex;
  display: -ms-flexbox;
  display: flex;
  -webkit-flex-direction: column;
  -ms-flex-direction: column;
  flex-direction: column;
  text-align: center;
  -webkit-align-items: center;
  -webkit-box-align: center;
  -ms-flex-align: center;
  align-items: center;
  -webkit-box-pack: center;
  -webkit-justify-content: center;
  -ms-flex-pack: center;
  justify-content: center;
}

.c1 {
  width: 25rem;
  margin-bottom: 2rem;
}

.c2 {
  font-size: 2.5rem;
}

.c3 {
  font-size: 2rem;
  font-weight: 400;
}

.c4 {
  margin-top: 3rem;
  width: min(30rem,100%);
}

<main
  class="c0"
>
  <img
    alt="Logo da AlgV Tecnologia"
    class="c1"
    src="/img/logo-small.svg"
  />
  <h1
    class="c2"
  >
    Boilerplate
  </h1>
  <h2
    class="c3"
  >
    TypeScript, ReactJS, NextJS and Styled Components
  </h2>
  <img
    alt="Imagem ilustrativa de um e-commerce"
    class="c4"
    src="/img/shop.png"
  />
</main>
`;
